// Jest Snapshot v1, https://goo.gl/fbAQLP

exports[`<StarshipList /> renders 1`] = `
<div
  className="mt-1"
>
  <div
    className="row justify-content-center"
  >
    <div
      className="col-xs-12 col-sm-12 col-md-6 mt-2"
      key="1"
    >
      <div
        className="card"
      >
        <div
          className="card-body"
        >
          <h5
            className="card-title"
          >
            Name: 
            Executor
          </h5>
          <p
            className="card-text"
          >
            Crew: 
            279144
          </p>
          <p
            className="card-text"
          >
            Passengers:
             
            38000
          </p>
          <div
            style={
              Object {
                "display": "flex",
              }
            }
          >
            <p
              className="card-text"
            >
              Hyperdrive Class:
            </p>
            <div
              className="col-md-9 mt-1"
            >
              <div
                className="progress"
              >
                <div
                  aria-valuemax="100"
                  aria-valuemin="0"
                  aria-valuenow={33.333333333333336}
                  className="progress-bar bg-info"
                  role="progressbar"
                  style={
                    Object {
                      "width": "33.333333333333336%",
                    }
                  }
                />
              </div>
            </div>
          </div>
        </div>
      </div>
    </div>
  </div>
</div>
`;

exports[`<StarshipList /> return the default array when there is no data to map through 1`] = `
<div
  className="mt-1"
>
  <div
    className="row justify-content-center"
  >
    <h5>
       Starships are not available
    </h5>
  </div>
</div>
`;
